<?xml version="1.0" encoding="utf-8"?>
<TestRun id="8b6a834f-4515-43cf-885a-32c0c0e8c610" name="mlortega@EN1710182 2026-05-27 11:53:34" runUser="ENDAVA\mlortega" xmlns="http://microsoft.com/schemas/VisualStudio/TeamTest/2010">
  <Times creation="2026-05-27T11:53:34.8736495-03:00" queuing="2026-05-27T11:53:34.8736499-03:00" start="2026-05-27T11:53:32.0029064-03:00" finish="2026-05-27T11:53:34.8808747-03:00" />
  <TestSettings name="default" id="b9d2f30e-0fa8-40e4-8c19-7bb127a6529c">
    <Deployment runDeploymentRoot="mlortega_EN1710182_2026-05-27_11_53_34" />
  </TestSettings>
  <Results>
    <UnitTestResult executionId="1630dbae-e253-4827-b2ab-17418e0f394a" testId="ced63b44-6914-a51d-bc1d-fa95e716f11e" testName="SDDTemplate.Site.Tests.ScaffoldTests.SiteProjectContainsStandardBlazorScaffoldFiles(relativePath: &quot;Components/Pages/Home.razor&quot;)" computerName="EN1710182" duration="00:00:00.0002131" startTime="2026-05-27T11:53:34.4473936-03:00" endTime="2026-05-27T11:53:34.4474741-03:00" testType="13cdc9d9-ddb5-4fa4-a97d-d965ccfc6d4b" outcome="Passed" testListId="8c84fa94-04c1-424b-9868-57a2d4851a1d" relativeResultsDirectory="1630dbae-e253-4827-b2ab-17418e0f394a" />
    <UnitTestResult executionId="a27a9b7a-33fe-40b0-bacb-95ee6a99fa30" testId="848d718a-0c63-d541-83d2-db20f2b69486" testName="SDDTemplate.Site.Tests.ScaffoldTests.HomePageRemainsMinimal" computerName="EN1710182" duration="00:00:00.0015964" startTime="2026-05-27T11:53:34.4506960-03:00" endTime="2026-05-27T11:53:34.4507876-03:00" testType="13cdc9d9-ddb5-4fa4-a97d-d965ccfc6d4b" outcome="Passed" testListId="8c84fa94-04c1-424b-9868-57a2d4851a1d" relativeResultsDirectory="a27a9b7a-33fe-40b0-bacb-95ee6a99fa30" />
    <UnitTestResult executionId="066d8622-0692-474c-98c0-e96656539914" testId="8826995f-65a7-4579-8b12-38e80f49d145" testName="SDDTemplate.Site.Tests.ScaffoldTests.SiteProjectContainsStandardBlazorScaffoldFiles(relativePath: &quot;wwwroot/app.css&quot;)" computerName="EN1710182" duration="00:00:00.0002284" startTime="2026-05-27T11:53:34.4465185-03:00" endTime="2026-05-27T11:53:34.4465931-03:00" testType="13cdc9d9-ddb5-4fa4-a97d-d965ccfc6d4b" outcome="Passed" testListId="8c84fa94-04c1-424b-9868-57a2d4851a1d" relativeResultsDirectory="066d8622-0692-474c-98c0-e96656539914" />
    <UnitTestResult executionId="e5f9c1e9-ab4a-45e4-a0ff-ccf6a9cb7d35" testId="6a27469c-16a8-e04c-813b-dd10e0180a04" testName="SDDTemplate.Site.Tests.ScaffoldTests.SiteProjectContainsStandardBlazorScaffoldFiles(relativePath: &quot;Components/Routes.razor&quot;)" computerName="EN1710182" duration="00:00:00.0108860" startTime="2026-05-27T11:53:34.4195346-03:00" endTime="2026-05-27T11:53:34.4230148-03:00" testType="13cdc9d9-ddb5-4fa4-a97d-d965ccfc6d4b" outcome="Passed" testListId="8c84fa94-04c1-424b-9868-57a2d4851a1d" relativeResultsDirectory="e5f9c1e9-ab4a-45e4-a0ff-ccf6a9cb7d35" />
    <UnitTestResult executionId="33e0e176-3d45-452d-8449-46584a61f044" testId="74308543-1fd9-dc25-ca45-ef5d98b6e638" testName="SDDTemplate.Site.Tests.ScaffoldTests.SiteProjectContainsStandardBlazorScaffoldFiles(relativePath: &quot;Program.cs&quot;)" computerName="EN1710182" duration="00:00:00.0006234" startTime="2026-05-27T11:53:34.4433410-03:00" endTime="2026-05-27T11:53:34.4435132-03:00" testType="13cdc9d9-ddb5-4fa4-a97d-d965ccfc6d4b" outcome="Passed" testListId="8c84fa94-04c1-424b-9868-57a2d4851a1d" relativeResultsDirectory="33e0e176-3d45-452d-8449-46584a61f044" />
    <UnitTestResult executionId="1e556893-c792-4ef2-b237-26300d8008bf" testId="513ae730-b81d-c2f5-cf5b-d86c8c6c28ba" testName="SDDTemplate.Site.Tests.ScaffoldTests.SiteProjectTargetsNet10" computerName="EN1710182" duration="00:00:00.0639302" startTime="2026-05-27T11:53:34.4516439-03:00" endTime="2026-05-27T11:53:34.4800663-03:00" testType="13cdc9d9-ddb5-4fa4-a97d-d965ccfc6d4b" outcome="Passed" testListId="8c84fa94-04c1-424b-9868-57a2d4851a1d" relativeResultsDirectory="1e556893-c792-4ef2-b237-26300d8008bf" />
    <UnitTestResult executionId="ff0aba7c-f4cd-49e7-89f5-8a1175399aad" testId="ee88fc44-6d37-c889-5c64-7195f6f11885" testName="SDDTemplate.Site.Tests.ScaffoldTests.SiteProjectContainsStandardBlazorScaffoldFiles(relativePath: &quot;Components/Layout/MainLayout.razor&quot;)" computerName="EN1710182" duration="00:00:00.0002782" startTime="2026-05-27T11:53:34.4455317-03:00" endTime="2026-05-27T11:53:34.4456255-03:00" testType="13cdc9d9-ddb5-4fa4-a97d-d965ccfc6d4b" outcome="Passed" testListId="8c84fa94-04c1-424b-9868-57a2d4851a1d" relativeResultsDirectory="ff0aba7c-f4cd-49e7-89f5-8a1175399aad" />
    <UnitTestResult executionId="fdd18579-5637-4fa4-8beb-603851a9ffc7" testId="35a2f9ec-e5a1-60e4-a297-afeb6dc29554" testName="SDDTemplate.Site.Tests.ScaffoldTests.SiteProjectContainsStandardBlazorScaffoldFiles(relativePath: &quot;Components/App.razor&quot;)" computerName="EN1710182" duration="00:00:00.0002383" startTime="2026-05-27T11:53:34.4483268-03:00" endTime="2026-05-27T11:53:34.4484051-03:00" testType="13cdc9d9-ddb5-4fa4-a97d-d965ccfc6d4b" outcome="Passed" testListId="8c84fa94-04c1-424b-9868-57a2d4851a1d" relativeResultsDirectory="fdd18579-5637-4fa4-8beb-603851a9ffc7" />
  </Results>
  <TestDefinitions>
    <UnitTest name="SDDTemplate.Site.Tests.ScaffoldTests.SiteProjectContainsStandardBlazorScaffoldFiles(relativePath: &quot;Components/App.razor&quot;)" storage="c:\endava\endevlocal\personal\sdd_template\tests\sddtemplate.site.tests\bin\release\net10.0\sddtemplate.site.tests.dll" id="35a2f9ec-e5a1-60e4-a297-afeb6dc29554">
      <Execution id="fdd18579-5637-4fa4-8beb-603851a9ffc7" />
      <TestMethod codeBase="C:\Endava\EndevLocal\Personal\SDD_template\tests\SDDTemplate.Site.Tests\bin\Release\net10.0\SDDTemplate.Site.Tests.dll" adapterTypeName="executor://xunit/VsTestRunner3/netcore/" className="SDDTemplate.Site.Tests.ScaffoldTests" name="SiteProjectContainsStandardBlazorScaffoldFiles" />
    </UnitTest>
    <UnitTest name="SDDTemplate.Site.Tests.ScaffoldTests.SiteProjectContainsStandardBlazorScaffoldFiles(relativePath: &quot;wwwroot/app.css&quot;)" storage="c:\endava\endevlocal\personal\sdd_template\tests\sddtemplate.site.tests\bin\release\net10.0\sddtemplate.site.tests.dll" id="8826995f-65a7-4579-8b12-38e80f49d145">
      <Execution id="066d8622-0692-474c-98c0-e96656539914" />
      <TestMethod codeBase="C:\Endava\EndevLocal\Personal\SDD_template\tests\SDDTemplate.Site.Tests\bin\Release\net10.0\SDDTemplate.Site.Tests.dll" adapterTypeName="executor://xunit/VsTestRunner3/netcore/" className="SDDTemplate.Site.Tests.ScaffoldTests" name="SiteProjectContainsStandardBlazorScaffoldFiles" />
    </UnitTest>
    <UnitTest name="SDDTemplate.Site.Tests.ScaffoldTests.SiteProjectContainsStandardBlazorScaffoldFiles(relativePath: &quot;Program.cs&quot;)" storage="c:\endava\endevlocal\personal\sdd_template\tests\sddtemplate.site.tests\bin\release\net10.0\sddtemplate.site.tests.dll" id="74308543-1fd9-dc25-ca45-ef5d98b6e638">
      <Execution id="33e0e176-3d45-452d-8449-46584a61f044" />
      <TestMethod codeBase="C:\Endava\EndevLocal\Personal\SDD_template\tests\SDDTemplate.Site.Tests\bin\Release\net10.0\SDDTemplate.Site.Tests.dll" adapterTypeName="executor://xunit/VsTestRunner3/netcore/" className="SDDTemplate.Site.Tests.ScaffoldTests" name="SiteProjectContainsStandardBlazorScaffoldFiles" />
    </UnitTest>
    <UnitTest name="SDDTemplate.Site.Tests.ScaffoldTests.SiteProjectContainsStandardBlazorScaffoldFiles(relativePath: &quot;Components/Pages/Home.razor&quot;)" storage="c:\endava\endevlocal\personal\sdd_template\tests\sddtemplate.site.tests\bin\release\net10.0\sddtemplate.site.tests.dll" id="ced63b44-6914-a51d-bc1d-fa95e716f11e">
      <Execution id="1630dbae-e253-4827-b2ab-17418e0f394a" />
      <TestMethod codeBase="C:\Endava\EndevLocal\Personal\SDD_template\tests\SDDTemplate.Site.Tests\bin\Release\net10.0\SDDTemplate.Site.Tests.dll" adapterTypeName="executor://xunit/VsTestRunner3/netcore/" className="SDDTemplate.Site.Tests.ScaffoldTests" name="SiteProjectContainsStandardBlazorScaffoldFiles" />
    </UnitTest>
    <UnitTest name="SDDTemplate.Site.Tests.ScaffoldTests.SiteProjectContainsStandardBlazorScaffoldFiles(relativePath: &quot;Components/Routes.razor&quot;)" storage="c:\endava\endevlocal\personal\sdd_template\tests\sddtemplate.site.tests\bin\release\net10.0\sddtemplate.site.tests.dll" id="6a27469c-16a8-e04c-813b-dd10e0180a04">
      <Execution id="e5f9c1e9-ab4a-45e4-a0ff-ccf6a9cb7d35" />
      <TestMethod codeBase="C:\Endava\EndevLocal\Personal\SDD_template\tests\SDDTemplate.Site.Tests\bin\Release\net10.0\SDDTemplate.Site.Tests.dll" adapterTypeName="executor://xunit/VsTestRunner3/netcore/" className="SDDTemplate.Site.Tests.ScaffoldTests" name="SiteProjectContainsStandardBlazorScaffoldFiles" />
    </UnitTest>
    <UnitTest name="SDDTemplate.Site.Tests.ScaffoldTests.SiteProjectContainsStandardBlazorScaffoldFiles(relativePath: &quot;Components/Layout/MainLayout.razor&quot;)" storage="c:\endava\endevlocal\personal\sdd_template\tests\sddtemplate.site.tests\bin\release\net10.0\sddtemplate.site.tests.dll" id="ee88fc44-6d37-c889-5c64-7195f6f11885">
      <Execution id="ff0aba7c-f4cd-49e7-89f5-8a1175399aad" />
      <TestMethod codeBase="C:\Endava\EndevLocal\Personal\SDD_template\tests\SDDTemplate.Site.Tests\bin\Release\net10.0\SDDTemplate.Site.Tests.dll" adapterTypeName="executor://xunit/VsTestRunner3/netcore/" className="SDDTemplate.Site.Tests.ScaffoldTests" name="SiteProjectContainsStandardBlazorScaffoldFiles" />
    </UnitTest>
    <UnitTest name="SDDTemplate.Site.Tests.ScaffoldTests.SiteProjectTargetsNet10" storage="c:\endava\endevlocal\personal\sdd_template\tests\sddtemplate.site.tests\bin\release\net10.0\sddtemplate.site.tests.dll" id="513ae730-b81d-c2f5-cf5b-d86c8c6c28ba">
      <Execution id="1e556893-c792-4ef2-b237-26300d8008bf" />
      <TestMethod codeBase="C:\Endava\EndevLocal\Personal\SDD_template\tests\SDDTemplate.Site.Tests\bin\Release\net10.0\SDDTemplate.Site.Tests.dll" adapterTypeName="executor://xunit/VsTestRunner3/netcore/" className="SDDTemplate.Site.Tests.ScaffoldTests" name="SiteProjectTargetsNet10" />
    </UnitTest>
    <UnitTest name="SDDTemplate.Site.Tests.ScaffoldTests.HomePageRemainsMinimal" storage="c:\endava\endevlocal\personal\sdd_template\tests\sddtemplate.site.tests\bin\release\net10.0\sddtemplate.site.tests.dll" id="848d718a-0c63-d541-83d2-db20f2b69486">
      <Execution id="a27a9b7a-33fe-40b0-bacb-95ee6a99fa30" />
      <TestMethod codeBase="C:\Endava\EndevLocal\Personal\SDD_template\tests\SDDTemplate.Site.Tests\bin\Release\net10.0\SDDTemplate.Site.Tests.dll" adapterTypeName="executor://xunit/VsTestRunner3/netcore/" className="SDDTemplate.Site.Tests.ScaffoldTests" name="HomePageRemainsMinimal" />
    </UnitTest>
  </TestDefinitions>
  <TestEntries>
    <TestEntry testId="ced63b44-6914-a51d-bc1d-fa95e716f11e" executionId="1630dbae-e253-4827-b2ab-17418e0f394a" testListId="8c84fa94-04c1-424b-9868-57a2d4851a1d" />
    <TestEntry testId="848d718a-0c63-d541-83d2-db20f2b69486" executionId="a27a9b7a-33fe-40b0-bacb-95ee6a99fa30" testListId="8c84fa94-04c1-424b-9868-57a2d4851a1d" />
    <TestEntry testId="8826995f-65a7-4579-8b12-38e80f49d145" executionId="066d8622-0692-474c-98c0-e96656539914" testListId="8c84fa94-04c1-424b-9868-57a2d4851a1d" />
    <TestEntry testId="6a27469c-16a8-e04c-813b-dd10e0180a04" executionId="e5f9c1e9-ab4a-45e4-a0ff-ccf6a9cb7d35" testListId="8c84fa94-04c1-424b-9868-57a2d4851a1d" />
    <TestEntry testId="74308543-1fd9-dc25-ca45-ef5d98b6e638" executionId="33e0e176-3d45-452d-8449-46584a61f044" testListId="8c84fa94-04c1-424b-9868-57a2d4851a1d" />
    <TestEntry testId="513ae730-b81d-c2f5-cf5b-d86c8c6c28ba" executionId="1e556893-c792-4ef2-b237-26300d8008bf" testListId="8c84fa94-04c1-424b-9868-57a2d4851a1d" />
    <TestEntry testId="ee88fc44-6d37-c889-5c64-7195f6f11885" executionId="ff0aba7c-f4cd-49e7-89f5-8a1175399aad" testListId="8c84fa94-04c1-424b-9868-57a2d4851a1d" />
    <TestEntry testId="35a2f9ec-e5a1-60e4-a297-afeb6dc29554" executionId="fdd18579-5637-4fa4-8beb-603851a9ffc7" testListId="8c84fa94-04c1-424b-9868-57a2d4851a1d" />
  </TestEntries>
  <TestLists>
    <TestList name="Results Not in a List" id="8c84fa94-04c1-424b-9868-57a2d4851a1d" />
    <TestList name="All Loaded Results" id="19431567-8539-422a-85d7-44ee4e166bda" />
  </TestLists>
  <ResultSummary outcome="Completed">
    <Counters total="8" executed="8" passed="8" failed="0" error="0" timeout="0" aborted="0" inconclusive="0" passedButRunAborted="0" notRunnable="0" notExecuted="0" disconnected="0" warning="0" completed="0" inProgress="0" pending="0" />
    <Output>
      <StdOut>[xUnit.net 00:00:00.00] xUnit.net VSTest Adapter v3.1.4+50e68bbb8b (64-bit .NET 10.0.8)&#xD;
[xUnit.net 00:00:00.31]   Discovering: SDDTemplate.Site.Tests&#xD;
[xUnit.net 00:00:00.57]   Discovered:  SDDTemplate.Site.Tests&#xD;
[xUnit.net 00:00:00.60]   Starting:    SDDTemplate.Site.Tests&#xD;
[xUnit.net 00:00:00.72]   Finished:    SDDTemplate.Site.Tests&#xD;
</StdOut>
    </Output>
    <CollectorDataEntries>
      <Collector agentName="EN1710182" uri="datacollector://microsoft/CoverletCodeCoverage/1.0" collectorDisplayName="XPlat code coverage">
        <UriAttachments>
          <UriAttachment>
            <A href="EN1710182\coverage.cobertura.xml"></A>
          </UriAttachment>
        </UriAttachments>
      </Collector>
    </CollectorDataEntries>
  </ResultSummary>
</TestRun>